[scaledskills.com/public/index.html]
[backblue.gif]
[fade.gif]
[index.html]
[scaledskills.com/public/home.html]
[scaledskills.com/public/services.html]
[scaledskills.com/public/about.html]
[scaledskills.com/public/blog-main.html]
[scaledskills.com/public/contact.html]
[scaledskills.com/public/events.html]
[scaledskills.com/public/about-2.html]
[scaledskills.com/public/contact-2.html]
[scaledskills.com/public/login.html]
[scaledskills.com/public/register.html]
[scaledskills.com/public/assets/media/components/b-main-slider/bg-1.jpg]
[scaledskills.com/public/assets/media/components/b-main-slider/item-1.png]
[scaledskills.com/public/assets/media/components/b-main-slider/item-2.png]
[scaledskills.com/public/assets/media/components/b-main-slider/item-3.png]
[scaledskills.com/public/assets/media/components/b-main-slider/bg-2.jpg]
[scaledskills.com/public/assets/media/components/b-events/262x390_2.jpg]
[scaledskills.com/public/assets/media/components/b-blockquote/face-1.jpg]
[scaledskills.com/public/help.html]
[scaledskills.com/public/terms-of-use.html]
[scaledskills.com/public/faq.html]
[scaledskills.com/public/privacy-policy.html]
[scaledskills.com/public/youtube.com]
[scaledskills.com/public/twitter.com]
[scaledskills.com/public/facebook.com]
[scaledskills.com/public/plus.google.com]
[scaledskills.com/public/instagram.com]
[scaledskills.com/public/libs/jquery-1.12.4.min.js]
[scaledskills.com/public/libs/jquery-migrate-1.2.1.js]
[scaledskills.com/public/libs/bootstrap/bootstrap.min.js]
[scaledskills.com/public/js/custom.js]
[scaledskills.com/public/plugins/switcher/js/dmss.js]
[scaledskills.com/public/plugins/bootstrap-select/js/bootstrap-select.min.js]
[scaledskills.com/public/plugins/owl-carousel/owl.carousel.min.js]
[scaledskills.com/public/plugins/bxslider/vendor/jquery.easing.1.3.js]
[scaledskills.com/public/plugins/bxslider/vendor/jquery.fitvids.js]
[scaledskills.com/public/plugins/bxslider/jquery.bxslider.min.js]
[scaledskills.com/public/plugins/magnific-popup/jquery.magnific-popup.min.js]
[scaledskills.com/public/plugins/headers/slidebar.js]
[scaledskills.com/public/plugins/headers/header.js]
[scaledskills.com/public/plugins/jqBootstrapValidation.js]
[scaledskills.com/public/plugins/stellar/jquery.stellar.min.js]
[scaledskills.com/public/plugins/isotope/isotope.pkgd.min.js]
[scaledskills.com/public/plugins/isotope/imagesLoaded.js]
[scaledskills.com/public/plugins/rendro-easy-pie-chart/jquery.easypiechart.min.js]
[scaledskills.com/public/plugins/rendro-easy-pie-chart/waypoints.min.js]
[scaledskills.com/public/plugins/scrollreveal/scrollreveal.min.js]
[scaledskills.com/public/plugins/slider-pro/jquery.sliderPro.min.js]
[scaledskills.com/public/index.html]
[scaledskills.com/public/css/master.css]
[scaledskills.com/public/plugins/switcher/css/switcher.css]
[scaledskills.com/public/plugins/switcher/css/color5.css]
[scaledskills.com/public/favicon.ico]
[scaledskills.com/public/home.html]
[scaledskills.com/public/services.html]
[scaledskills.com/public/about.html]
[scaledskills.com/public/blog-main.html]
[scaledskills.com/public/contact.html]
[scaledskills.com/public/assets/media/general/ui-decor-1.png]
[scaledskills.com/public/skype.com]
[scaledskills.com/public/behance.com]
[scaledskills.com/public/vimeo.com]
[scaledskills.com/public/js/map-custom.js]
[scaledskills.com/public/events.html]
[scaledskills.com/public/assets/media/content/posts/322x180/5.jpg]
[scaledskills.com/public/assets/media/content/posts/322x180/6.jpg]
[scaledskills.com/public/assets/media/content/posts/322x180/7.jpg]
[scaledskills.com/public/assets/media/content/960x783/1.jpg]
[scaledskills.com/public/assets/media/components/b-team/1.jpg]
[scaledskills.com/public/assets/media/components/b-team/2.jpg]
[scaledskills.com/public/assets/media/components/b-team/3.jpg]
[scaledskills.com/public/assets/media/components/b-team/4.jpg]
[scaledskills.com/public/about-2.html]
[scaledskills.com/public/plugins/contact_me.js]
[scaledskills.com/public/contact-2.html]
[scaledskills.com/public/password/reset.html]
[scaledskills.com/public/login.html]
[scaledskills.com/public/register.html]
[scaledskills.com/public/help.html]
[scaledskills.com/public/terms-of-use.html]
[scaledskills.com/public/faq.html]
[scaledskills.com/public/privacy-policy.html]
[scaledskills.com/public/youtube.html]
[scaledskills.com/public/twitter.html]
[scaledskills.com/public/facebook.html]
[scaledskills.com/public/plus.google.html]
[scaledskills.com/public/instagram.html]
[scaledskills.com/public/fonts/font-awesome-4.6.3/fonts/fontawesome-webfont5b62.eot]
[scaledskills.com/public/fonts/font-awesome-4.6.3/fonts/fontawesome-webfontd41d.eot]
[scaledskills.com/public/fonts/font-awesome-4.6.3/fonts/fontawesome-webfont5b62.woff2]
[scaledskills.com/public/fonts/font-awesome-4.6.3/fonts/fontawesome-webfont5b62.woff]
[scaledskills.com/public/fonts/font-awesome-4.6.3/fonts/fontawesome-webfont5b62.ttf]
[scaledskills.com/public/fonts/font-awesome-4.6.3/css/font-awesome.min.css]
[scaledskills.com/public/fonts/stroke/style.css]
[scaledskills.com/public/fonts/stroke/fonts/Stroke-Gap-Icons.eot]
[scaledskills.com/public/fonts/elegant/fonts/ElegantIcons.eot]
[scaledskills.com/public/fonts/elegant/fonts/ElegantIcons.woff]
[scaledskills.com/public/fonts/elegant/fonts/ElegantIconsd41d.eot]
[scaledskills.com/public/fonts/elegant/fonts/ElegantIcons.ttf]
[scaledskills.com/public/fonts/elegant/style.css]
[scaledskills.com/public/fonts/flaticon/Flaticon.eot]
[scaledskills.com/public/fonts/flaticon/Flaticond41d.eot]
[scaledskills.com/public/fonts/flaticon/Flaticon.woff]
[scaledskills.com/public/fonts/flaticon/Flaticon.ttf]
[scaledskills.com/public/fonts/flaticon/flaticon.css]
[scaledskills.com/public/fonts/simple/fonts/Simple-Line-Icons.eot]
[scaledskills.com/public/fonts/simple/fonts/Simple-Line-Icons.woff]
[scaledskills.com/public/fonts/simple/fonts/Simple-Line-Icons.ttf]
[scaledskills.com/public/fonts/simple/fonts/Simple-Line-Iconsd41d.eot]
[scaledskills.com/public/fonts/simple/simple-line-icons.css]
[scaledskills.com/public/libs/bootstrap/bootstrap.css]
[scaledskills.com/public/plugins/bootstrap-select/css/bootstrap-select.css]
[scaledskills.com/public/img/section-1-demo.jpg]
[scaledskills.com/public/plugins/headers/header.css]
[scaledskills.com/public/plugins/headers/yamm.css]
[scaledskills.com/public/plugins/slider-pro/slider-pro.css]
[scaledskills.com/public/plugins/owl-carousel/grabbing.png]
[scaledskills.com/public/plugins/owl-carousel/AjaxLoader.gif]
[scaledskills.com/public/plugins/owl-carousel/owl.theme.css]
[scaledskills.com/public/plugins/bxslider/images/bx_loader.gif]
[scaledskills.com/public/plugins/bxslider/images/controls.png]
[scaledskills.com/public/plugins/bxslider/jquery.bxslider.css]
[scaledskills.com/public/plugins/magnific-popup/magnific-popup.css]
[scaledskills.com/public/plugins/animate/animate.css]
[scaledskills.com/public/plugins/parallax/parallax.css]
[scaledskills.com/public/plugins/flowplayer/skin/fonts/fpicons4a3d.eot]
[scaledskills.com/public/plugins/flowplayer/skin/fonts/fpiconsd41d.eot]
[scaledskills.com/public/plugins/flowplayer/skin/fonts/fpicons4a3d.woff]
[scaledskills.com/public/plugins/flowplayer/skin/fonts/fpicons4a3d.ttf]
[scaledskills.com/public/plugins/flowplayer/skin/img/play_white_rtl.png]
[scaledskills.com/public/plugins/flowplayer/skin/img/play_white@x2.png]
[scaledskills.com/public/plugins/flowplayer/skin/img/play_white_rtl@x2.png]
[scaledskills.com/public/plugins/flowplayer/skin/img/flowplayer.png]
[scaledskills.com/public/plugins/flowplayer/skin/img/flowplayer@2x.png]
[scaledskills.com/public/plugins/flowplayer/skin/playful.css]
[scaledskills.com/public/media/general/texture-1.png]
[scaledskills.com/public/media/general/texture-2.png]
[scaledskills.com/public/media/general/bg/2.jpg]
[scaledskills.com/public/media/general/label-vertical.png]
[scaledskills.com/public/media/components/b-404/bg-1.png]
[scaledskills.com/public/media/components/b-advertisement/bg-1.jpg]
[scaledskills.com/public/media/general/bg/1.jpg]
[scaledskills.com/public/media/general/ui-decor-2.png]
[scaledskills.com/public/media/general/bg/4.jpg]
[scaledskills.com/public/media/general/bg/3.jpg]
[scaledskills.com/public/media/components/b-title-page/bg-1.jpg]
[scaledskills.com/public/css/theme.css]
[scaledskills.com/public/css/color.css]
[scaledskills.com/public/css/responsive.css]
[scaledskills.com/public/skype.html]
[scaledskills.com/public/behance.html]
[scaledskills.com/public/vimeo.html]
[scaledskills.com/public/password/favicon.ico]
[scaledskills.com/public/password/home.html]
[scaledskills.com/public/password/services.html]
[scaledskills.com/public/password/about.html]
[scaledskills.com/public/password/blog-main.html]
[scaledskills.com/public/password/contact.html]
[scaledskills.com/public/password/youtube.com]
[scaledskills.com/public/password/twitter.com]
[scaledskills.com/public/password/facebook.com]
[scaledskills.com/public/password/plus.google.com]
[scaledskills.com/public/password/instagram.com]
[scaledskills.com/public/password/reset.html]
[scaledskills.com/public/fonts/font-awesome-4.6.3/fonts/fontawesome-webfont5b62.svg]
[scaledskills.com/public/fonts/elegant/fonts/ElegantIcons.svg]
[scaledskills.com/public/fonts/flaticon/Flaticon.svg]
[scaledskills.com/public/fonts/simple/fonts/Simple-Line-Icons.svg]
[scaledskills.com/public/img/section-1-demo.html]
[scaledskills.com/public/plugins/slider-pro/images/openhand.html]
[scaledskills.com/public/plugins/slider-pro/images/closedhand.html]
[scaledskills.com/public/plugins/flowplayer/skin/fonts/fpicons4a3d.svg]
[scaledskills.com/public/media/general/texture-1.html]
[scaledskills.com/public/media/general/texture-2.html]
[scaledskills.com/public/media/general/bg/2.html]
[scaledskills.com/public/media/general/label-vertical.html]
[scaledskills.com/public/media/components/b-404/bg-1.html]
[scaledskills.com/public/media/components/b-advertisement/bg-1.html]
[scaledskills.com/public/media/general/bg/1.html]
[scaledskills.com/public/media/general/ui-decor-2.html]
[scaledskills.com/public/media/general/bg/4.html]
[scaledskills.com/public/media/general/bg/3.html]
[scaledskills.com/public/media/components/b-title-page/bg-1.html]
[scaledskills.com/public/password/favicon.html]
[scaledskills.com/public/password/home.html]
[scaledskills.com/public/password/services.html]
[scaledskills.com/public/password/about.html]
[scaledskills.com/public/password/blog-main.html]
[scaledskills.com/public/password/contact.html]
[scaledskills.com/public/password/youtube.html]
[scaledskills.com/public/password/twitter.html]
[scaledskills.com/public/password/facebook.html]
[scaledskills.com/public/password/plus.google.html]
[scaledskills.com/public/password/instagram.html]
